../Core/Src/mpu6050.c:28:16:mpu_read_reg	32	static
../Core/Src/mpu6050.c:22:13:mpu_write_reg	32	static
../Core/Src/mpu6050.c:54:6:set_gyro_scale	16	static
../Core/Src/mpu6050.c:80:6:set_accelerometer_scale	16	static
../Core/Src/mpu6050.c:107:6:mpu_low_pass_filter	16	static
../Core/Src/mpu6050.c:116:19:mpu_who_am_i	8	static
../Core/Src/mpu6050.c:127:17:mpu_init	88	static
../Core/Src/mpu6050.c:155:6:mpu_get_all_data	48	static
../Core/Src/mpu6050.c:170:6:mpu_get_data_x_angle	48	static
../Core/Src/mpu6050.c:181:6:mpu_get_data_x_angle_DMA	16	static
../Core/Src/mpu6050.c:186:6:mpu_gyro_calibration	48	static
../Core/Src/mpu6050.c:222:7:mpu_get_acc_x_angle	16	static
../Core/Src/mpu6050.c:228:6:mpu_calc_x_angle	24	static
