../Core/Src/user_functions.c:25:6:led	8	static
../Core/Src/user_functions.c:34:6:comunication_test	520	static
../Core/Src/user_functions.c:42:6:motor_test	528	static
../Core/Src/user_functions.c:63:6:motor_enable	528	static
../Core/Src/user_functions.c:79:6:controler_start	0	static
../Core/Src/user_functions.c:84:6:controler_stop	0	static
../Core/Src/user_functions.c:89:6:send_data	8	static
../Core/Src/user_functions.c:100:6:battery_voltage	536	static
../Core/Src/user_functions.c:108:6:set_position	8	static
../Core/Src/user_functions.c:128:6:rotate_deg	16	static
../Core/Src/user_functions.c:134:6:get_angle	528	static
../Core/Src/user_functions.c:141:6:move	24	static
