../Core/Src/user_functions.c:25:6:led	8	static
../Core/Src/user_functions.c:34:6:comunication_test	520	static
../Core/Src/user_functions.c:42:6:motor_test	528	static
../Core/Src/user_functions.c:63:6:motor_enable	528	static
../Core/Src/user_functions.c:79:6:controler_start	0	static
../Core/Src/user_functions.c:84:6:controler_stop	0	static
../Core/Src/user_functions.c:90:6:send_data	8	static
../Core/Src/user_functions.c:101:6:battery_voltage	536	static
../Core/Src/user_functions.c:109:6:set_position	8	static
../Core/Src/user_functions.c:129:6:rotate_deg	8	static
../Core/Src/user_functions.c:135:6:get_angle	528	static
../Core/Src/user_functions.c:142:6:move	24	static
../Core/Src/user_functions.c:147:6:get_pos	536	static
